[0m19:24:17.915401 [debug] [MainThread]: Sending event: {'category': 'dbt', 'action': 'invocation', 'label': 'start', 'context': [<snowplow_tracker.self_describing_json.SelfDescribingJson object at 0x00000207E6D770E0>, <snowplow_tracker.self_describing_json.SelfDescribingJson object at 0x00000207E93DBED0>, <snowplow_tracker.self_describing_json.SelfDescribingJson object at 0x00000207E93DBB10>]}


============================== 19:24:17.921014 | 2170dc82-b1fd-4fdd-a7e3-6071c623e048 ==============================
[0m19:24:17.921014 [info ] [MainThread]: Running with dbt=1.12.2
[0m19:24:17.921790 [debug] [MainThread]: running dbt with arguments {'static_parser': 'True', 'no_print': 'None', 'version_check': 'True', 'warn_error_options': 'WarnErrorOptionsV2(error=[], warn=[], silence=[])', 'target_path': 'None', 'maximum_seed_size_mib': '1', 'printer_width': '80', 'write_json': 'True', 'empty': 'None', 'log_cache_events': 'False', 'introspect': 'True', 'cache_selected_only': 'False', 'fail_fast': 'False', 'debug': 'False', 'log_format': 'default', 'partial_parse': 'True', 'send_anonymous_usage_stats': 'True', 'quiet': 'False', 'warn_error': 'None', 'profiles_dir': 'C:\\Users\\user\\.dbt', 'indirect_selection': 'eager', 'hints_enabled': 'True', 'use_colors': 'True', 'use_experimental_parser': 'False', 'invocation_command': 'dbt debug', 'log_path': 'C:\\Users\\user\\MYDE\\dbt\\retail_analytics_dbt\\logs'}
[0m19:24:17.947990 [info ] [MainThread]: dbt version: 1.12.2
[0m19:24:17.948591 [info ] [MainThread]: python version: 3.13.3
[0m19:24:17.949121 [info ] [MainThread]: python path: C:\Users\user\AppData\Local\Programs\Python\Python313\python.exe
[0m19:24:17.949667 [info ] [MainThread]: os info: Windows-11-10.0.26200-SP0
[0m19:24:19.559290 [info ] [MainThread]: Using profiles dir at C:\Users\user\.dbt
[0m19:24:19.560380 [info ] [MainThread]: Using profiles.yml file at C:\Users\user\.dbt\profiles.yml
[0m19:24:19.561085 [info ] [MainThread]: Using dbt_project.yml file at C:\Users\user\MYDE\dbt\retail_analytics_dbt\dbt_project.yml
[0m19:24:19.561919 [info ] [MainThread]: adapter type: bigquery
[0m19:24:19.562647 [info ] [MainThread]: adapter version: 1.12.0
[0m19:24:19.787606 [info ] [MainThread]: Configuration:
[0m19:24:19.788526 [info ] [MainThread]:   profiles.yml file [[32mOK found and valid[0m]
[0m19:24:19.789539 [info ] [MainThread]:   dbt_project.yml file [[32mOK found and valid[0m]
[0m19:24:19.790435 [info ] [MainThread]: Required dependencies:
[0m19:24:19.791488 [debug] [MainThread]: Executing "git --help"
[0m19:24:19.871443 [debug] [MainThread]: STDOUT: "b"usage: git [-v | --version] [-h | --help] [-C <path>] [-c <name>=<value>]\n           [--exec-path[=<path>]] [--html-path] [--man-path] [--info-path]\n           [-p | --paginate | -P | --no-pager] [--no-replace-objects] [--no-lazy-fetch]\n           [--no-optional-locks] [--no-advice] [--bare] [--git-dir=<path>]\n           [--work-tree=<path>] [--namespace=<name>] [--config-env=<name>=<envvar>]\n           <command> [<args>]\n\nThese are common Git commands used in various situations:\n\nstart a working area (see also: git help tutorial)\n   clone      Clone a repository into a new directory\n   init       Create an empty Git repository or reinitialize an existing one\n\nwork on the current change (see also: git help everyday)\n   add        Add file contents to the index\n   mv         Move or rename a file, a directory, or a symlink\n   restore    Restore working tree files\n   rm         Remove files from the working tree and from the index\n\nexamine the history and state (see also: git help revisions)\n   bisect     Use binary search to find the commit that introduced a bug\n   diff       Show changes between commits, commit and working tree, etc\n   grep       Print lines matching a pattern\n   log        Show commit logs\n   show       Show various types of objects\n   status     Show the working tree status\n\ngrow, mark and tweak your common history\n   backfill   Download missing objects in a partial clone\n   branch     List, create, or delete branches\n   commit     Record changes to the repository\n   merge      Join two or more development histories together\n   rebase     Reapply commits on top of another base tip\n   reset      Set `HEAD` or the index to a known state\n   switch     Switch branches\n   tag        Create, list, delete or verify tags\n\ncollaborate (see also: git help workflows)\n   fetch      Download objects and refs from another repository\n   pull       Fetch from and integrate with another repository or a local branch\n   push       Update remote refs along with associated objects\n\n'git help -a' and 'git help -g' list available subcommands and some\nconcept guides. See 'git help <command>' or 'git help <concept>'\nto read about a specific subcommand or concept.\nSee 'git help git' for an overview of the system.\n""
[0m19:24:19.872421 [debug] [MainThread]: STDERR: "b''"
[0m19:24:19.873075 [info ] [MainThread]:  - git [[32mOK found[0m]

[0m19:24:19.873658 [info ] [MainThread]: Connection:
[0m19:24:19.874299 [info ] [MainThread]:   method: oauth
[0m19:24:19.874890 [info ] [MainThread]:   database: playground-s-11-4db4d9ec
[0m19:24:19.875717 [info ] [MainThread]:   execution_project: playground-s-11-4db4d9ec
[0m19:24:19.876719 [info ] [MainThread]:   schema: retail_staging
[0m19:24:19.877950 [info ] [MainThread]:   location: US
[0m19:24:19.879042 [info ] [MainThread]:   priority: interactive
[0m19:24:19.879896 [info ] [MainThread]:   maximum_bytes_billed: None
[0m19:24:19.881324 [info ] [MainThread]:   reservation: None
[0m19:24:19.881984 [info ] [MainThread]:   impersonate_service_account: None
[0m19:24:19.882599 [info ] [MainThread]:   job_retry_deadline_seconds: None
[0m19:24:19.883237 [info ] [MainThread]:   job_retries: 1
[0m19:24:19.884182 [info ] [MainThread]:   job_creation_timeout_seconds: None
[0m19:24:19.885137 [info ] [MainThread]:   job_execution_timeout_seconds: 300
[0m19:24:19.886290 [info ] [MainThread]:   job_link_info_level_log: False
[0m19:24:19.887224 [info ] [MainThread]:   timeout_seconds: 300
[0m19:24:19.888843 [info ] [MainThread]:   client_id: None
[0m19:24:19.890357 [info ] [MainThread]:   token_uri: None
[0m19:24:19.891464 [info ] [MainThread]:   compute_region: None
[0m19:24:19.892471 [info ] [MainThread]:   dataproc_cluster_name: None
[0m19:24:19.893441 [info ] [MainThread]:   gcs_bucket: None
[0m19:24:19.894446 [info ] [MainThread]:   dataproc_batch: None
[0m19:24:19.895879 [info ] [MainThread]: Registered adapter: bigquery=1.12.0
[0m19:24:20.665471 [debug] [MainThread]: Acquiring new bigquery connection 'debug'
[0m19:24:20.665985 [debug] [MainThread]: On debug: select 1 as id
[0m19:24:20.666439 [debug] [MainThread]: Opening a new connection, currently in state init
[0m19:24:23.549416 [debug] [MainThread]: BigQuery adapter: Got an error when attempting to create a bigquery " "client: 'Runtime Error
  Failed to authenticate with supplied credentials
  error:
  Your default credentials were not found. To set up Application Default Credentials, see https://cloud.google.com/docs/authentication/external/set-up-adc for more information.'
[0m19:24:23.550028 [debug] [MainThread]: BigQuery adapter: Unhandled error while running:
select 1 as id
[0m19:24:23.550462 [debug] [MainThread]: BigQuery adapter: Database Error
  Runtime Error
    Failed to authenticate with supplied credentials
    error:
    Your default credentials were not found. To set up Application Default Credentials, see https://cloud.google.com/docs/authentication/external/set-up-adc for more information.
[0m19:24:23.550878 [info ] [MainThread]:   Connection test: [[31mERROR[0m]

[0m19:24:23.551559 [info ] [MainThread]: [31m1 check failed:[0m
[0m19:24:23.552524 [info ] [MainThread]: dbt was unable to connect to the specified database.
The database returned the following error:

  >'NoneType' object has no attribute 'close'

Check your database credentials and try again. For more information, visit:
https://docs.getdbt.com/docs/configure-your-profile


[0m19:24:23.554476 [debug] [MainThread]: Command `dbt debug` failed at 19:24:23.554237 after 5.87 seconds
[0m19:24:23.555105 [debug] [MainThread]: Sending event: {'category': 'dbt', 'action': 'invocation', 'label': 'end', 'context': [<snowplow_tracker.self_describing_json.SelfDescribingJson object at 0x00000207FAC33490>, <snowplow_tracker.self_describing_json.SelfDescribingJson object at 0x00000207FADB4B90>, <snowplow_tracker.self_describing_json.SelfDescribingJson object at 0x00000207FAC4A140>]}
[0m19:24:23.555687 [debug] [MainThread]: Flushing usage events
[0m19:24:25.016314 [debug] [MainThread]: An error was encountered while trying to flush usage events
